// Bun Snapshot v1, https://bun.sh/docs/test/snapshots

exports[`Pty worker messages 1`] = `
"\x1B[?2004hsh-5.3$ echo Hello from PTY
\x1B[?2004l
Hello from PTY
\x1B[?2004hsh-5.3$ exit
\x1B[?2004l
exit
"
`;

exports[`Pty worker messages sh 1`] = `
"\x1B[?2004hsh-5.3$ echo Hello from PTY
\x1B[?2004l
Hello from PTY
\x1B[?2004hsh-5.3$ exit
\x1B[?2004l
exit
"
`;
